../Src/syscalls.c:46:6:initialise_monitor_handles	4	static
../Src/syscalls.c:50:5:_getpid	4	static
../Src/syscalls.c:55:5:_kill	16	static
../Src/syscalls.c:61:6:_exit	16	static
../Src/syscalls.c:67:27:_read	32	static
../Src/syscalls.c:79:27:_write	32	static
../Src/syscalls.c:90:5:_close	16	static
../Src/syscalls.c:96:5:_fstat	16	static
../Src/syscalls.c:102:5:_isatty	16	static
../Src/syscalls.c:107:5:_lseek	24	static
../Src/syscalls.c:112:5:_open	12	static
../Src/syscalls.c:118:5:_wait	16	static
../Src/syscalls.c:124:5:_unlink	16	static
../Src/syscalls.c:130:5:_times	16	static
../Src/syscalls.c:135:5:_stat	16	static
../Src/syscalls.c:141:5:_link	16	static
../Src/syscalls.c:147:5:_fork	8	static
../Src/syscalls.c:153:5:_execve	24	static
